0 verbose cli /opt/homebrew/Cellar/node/23.7.0/bin/node /opt/homebrew/bin/npm
1 info using npm@10.9.2
2 info using node@v23.7.0
3 silly config load:file:/opt/homebrew/lib/node_modules/npm/npmrc
4 silly config load:file:/Users/soledadarismendi/Sites/Laboratoryum/web/.npmrc
5 silly config load:file:/Users/soledadarismendi/.npmrc
6 silly config load:file:/usr/local/etc/npmrc
7 verbose title npm install react-router-dom
8 verbose argv "install" "react-router-dom"
9 verbose logfile logs-max:10 dir:/Users/soledadarismendi/Sites/Laboratoryum/.npm-cache/_logs/2026-05-06T17_22_06_434Z-
10 verbose logfile /Users/soledadarismendi/Sites/Laboratoryum/.npm-cache/_logs/2026-05-06T17_22_06_434Z-debug-0.log
11 silly logfile done cleaning log files
12 silly packumentCache heap:4345298944 maxSize:1086324736 maxEntrySize:543162368
13 silly idealTree buildDeps
14 silly fetch manifest react-router-dom@*
15 silly packumentCache full:https://registry.npmjs.org/react-router-dom cache-miss
16 http fetch GET 200 https://registry.npmjs.org/react-router-dom 218ms (cache miss)
17 silly packumentCache full:https://registry.npmjs.org/react-router-dom set size:undefined disposed:false
18 silly fetch manifest react@^19.2.5
19 silly packumentCache full:https://registry.npmjs.org/react cache-miss
20 http cache https://registry.npmjs.org/react 14ms (cache hit)
21 silly packumentCache full:https://registry.npmjs.org/react set size:6643953 disposed:false
22 silly fetch manifest react-dom@^19.2.5
23 silly packumentCache full:https://registry.npmjs.org/react-dom cache-miss
24 http cache https://registry.npmjs.org/react-dom 12ms (cache hit)
25 silly packumentCache full:https://registry.npmjs.org/react-dom set size:8856462 disposed:false
26 silly placeDep ROOT react-router-dom@7.15.0 OK for: web@0.0.0 want: *
27 silly fetch manifest react-router@7.15.0
28 silly packumentCache full:https://registry.npmjs.org/react-router cache-miss
29 http fetch GET 200 https://registry.npmjs.org/react-router 121ms (cache miss)
30 silly packumentCache full:https://registry.npmjs.org/react-router set size:undefined disposed:false
31 silly fetch manifest react@>=18
32 silly packumentCache full:https://registry.npmjs.org/react cache-miss
33 http cache https://registry.npmjs.org/react 8ms (cache hit)
34 silly packumentCache full:https://registry.npmjs.org/react set size:6643953 disposed:false
35 silly fetch manifest react-dom@>=18
36 silly packumentCache full:https://registry.npmjs.org/react-dom cache-miss
37 http cache https://registry.npmjs.org/react-dom 11ms (cache hit)
38 silly packumentCache full:https://registry.npmjs.org/react-dom set size:8856462 disposed:false
39 silly placeDep ROOT react-router@7.15.0 OK for: react-router-dom@7.15.0 want: 7.15.0
40 silly fetch manifest cookie@^1.0.1
41 silly packumentCache full:https://registry.npmjs.org/cookie cache-miss
42 silly fetch manifest set-cookie-parser@^2.6.0
43 silly packumentCache full:https://registry.npmjs.org/set-cookie-parser cache-miss
44 http fetch GET 200 https://registry.npmjs.org/cookie 53ms (cache miss)
45 silly packumentCache full:https://registry.npmjs.org/cookie set size:undefined disposed:false
46 http fetch GET 200 https://registry.npmjs.org/set-cookie-parser 781ms (cache miss)
47 silly packumentCache full:https://registry.npmjs.org/set-cookie-parser set size:undefined disposed:false
48 silly placeDep ROOT cookie@1.1.1 OK for: react-router@7.15.0 want: ^1.0.1
49 silly placeDep ROOT set-cookie-parser@2.7.2 OK for: react-router@7.15.0 want: ^2.6.0
50 warn EBADENGINE Unsupported engine {
50 warn EBADENGINE   package: '@eslint/config-array@0.23.5',
50 warn EBADENGINE   required: { node: '^20.19.0 || ^22.13.0 || >=24' },
50 warn EBADENGINE   current: { node: 'v23.7.0', npm: '10.9.2' }
50 warn EBADENGINE }
51 warn EBADENGINE Unsupported engine {
51 warn EBADENGINE   package: '@eslint/config-helpers@0.5.5',
51 warn EBADENGINE   required: { node: '^20.19.0 || ^22.13.0 || >=24' },
51 warn EBADENGINE   current: { node: 'v23.7.0', npm: '10.9.2' }
51 warn EBADENGINE }
52 warn EBADENGINE Unsupported engine {
52 warn EBADENGINE   package: '@eslint/core@1.2.1',
52 warn EBADENGINE   required: { node: '^20.19.0 || ^22.13.0 || >=24' },
52 warn EBADENGINE   current: { node: 'v23.7.0', npm: '10.9.2' }
52 warn EBADENGINE }
53 warn EBADENGINE Unsupported engine {
53 warn EBADENGINE   package: '@eslint/js@10.0.1',
53 warn EBADENGINE   required: { node: '^20.19.0 || ^22.13.0 || >=24' },
53 warn EBADENGINE   current: { node: 'v23.7.0', npm: '10.9.2' }
53 warn EBADENGINE }
54 warn EBADENGINE Unsupported engine {
54 warn EBADENGINE   package: '@eslint/object-schema@3.0.5',
54 warn EBADENGINE   required: { node: '^20.19.0 || ^22.13.0 || >=24' },
54 warn EBADENGINE   current: { node: 'v23.7.0', npm: '10.9.2' }
54 warn EBADENGINE }
55 warn EBADENGINE Unsupported engine {
55 warn EBADENGINE   package: '@eslint/plugin-kit@0.7.1',
55 warn EBADENGINE   required: { node: '^20.19.0 || ^22.13.0 || >=24' },
55 warn EBADENGINE   current: { node: 'v23.7.0', npm: '10.9.2' }
55 warn EBADENGINE }
56 warn EBADENGINE Unsupported engine {
56 warn EBADENGINE   package: 'eslint@10.3.0',
56 warn EBADENGINE   required: { node: '^20.19.0 || ^22.13.0 || >=24' },
56 warn EBADENGINE   current: { node: 'v23.7.0', npm: '10.9.2' }
56 warn EBADENGINE }
57 warn EBADENGINE Unsupported engine {
57 warn EBADENGINE   package: 'eslint-scope@9.1.2',
57 warn EBADENGINE   required: { node: '^20.19.0 || ^22.13.0 || >=24' },
57 warn EBADENGINE   current: { node: 'v23.7.0', npm: '10.9.2' }
57 warn EBADENGINE }
58 warn EBADENGINE Unsupported engine {
58 warn EBADENGINE   package: 'eslint-visitor-keys@5.0.1',
58 warn EBADENGINE   required: { node: '^20.19.0 || ^22.13.0 || >=24' },
58 warn EBADENGINE   current: { node: 'v23.7.0', npm: '10.9.2' }
58 warn EBADENGINE }
59 warn EBADENGINE Unsupported engine {
59 warn EBADENGINE   package: 'espree@11.2.0',
59 warn EBADENGINE   required: { node: '^20.19.0 || ^22.13.0 || >=24' },
59 warn EBADENGINE   current: { node: 'v23.7.0', npm: '10.9.2' }
59 warn EBADENGINE }
60 silly reify moves {}
61 silly audit bulk request {
61 silly audit   '@babel/code-frame': [ '7.29.0' ],
61 silly audit   '@babel/compat-data': [ '7.29.3' ],
61 silly audit   '@babel/core': [ '7.29.0' ],
61 silly audit   '@babel/generator': [ '7.29.1' ],
61 silly audit   '@babel/helper-compilation-targets': [ '7.28.6' ],
61 silly audit   '@babel/helper-globals': [ '7.28.0' ],
61 silly audit   '@babel/helper-module-imports': [ '7.28.6' ],
61 silly audit   '@babel/helper-module-transforms': [ '7.28.6' ],
61 silly audit   '@babel/helper-string-parser': [ '7.27.1' ],
61 silly audit   '@babel/helper-validator-identifier': [ '7.28.5' ],
61 silly audit   '@babel/helper-validator-option': [ '7.27.1' ],
61 silly audit   '@babel/helpers': [ '7.29.2' ],
61 silly audit   '@babel/parser': [ '7.29.3' ],
61 silly audit   '@babel/template': [ '7.28.6' ],
61 silly audit   '@babel/traverse': [ '7.29.0' ],
61 silly audit   '@babel/types': [ '7.29.0' ],
61 silly audit   '@emnapi/core': [ '1.10.0' ],
61 silly audit   '@emnapi/runtime': [ '1.10.0' ],
61 silly audit   '@emnapi/wasi-threads': [ '1.2.1' ],
61 silly audit   '@eslint-community/eslint-utils': [ '4.9.1' ],
61 silly audit   'eslint-visitor-keys': [ '3.4.3', '5.0.1' ],
61 silly audit   '@eslint-community/regexpp': [ '4.12.2' ],
61 silly audit   '@eslint/config-array': [ '0.23.5' ],
61 silly audit   '@eslint/config-helpers': [ '0.5.5' ],
61 silly audit   '@eslint/core': [ '1.2.1' ],
61 silly audit   '@eslint/js': [ '10.0.1' ],
61 silly audit   '@eslint/object-schema': [ '3.0.5' ],
61 silly audit   '@eslint/plugin-kit': [ '0.7.1' ],
61 silly audit   '@humanfs/core': [ '0.19.2' ],
61 silly audit   '@humanfs/node': [ '0.16.8' ],
61 silly audit   '@humanfs/types': [ '0.15.0' ],
61 silly audit   '@humanwhocodes/module-importer': [ '1.0.1' ],
61 silly audit   '@humanwhocodes/retry': [ '0.4.3' ],
61 silly audit   '@jridgewell/gen-mapping': [ '0.3.13' ],
61 silly audit   '@jridgewell/remapping': [ '2.3.5' ],
61 silly audit   '@jridgewell/resolve-uri': [ '3.1.2' ],
61 silly audit   '@jridgewell/sourcemap-codec': [ '1.5.5' ],
61 silly audit   '@jridgewell/trace-mapping': [ '0.3.31' ],
61 silly audit   '@napi-rs/wasm-runtime': [ '1.1.4' ],
61 silly audit   '@oxc-project/types': [ '0.127.0' ],
61 silly audit   '@rolldown/binding-android-arm64': [ '1.0.0-rc.17' ],
61 silly audit   '@rolldown/binding-darwin-arm64': [ '1.0.0-rc.17' ],
61 silly audit   '@rolldown/binding-darwin-x64': [ '1.0.0-rc.17' ],
61 silly audit   '@rolldown/binding-freebsd-x64': [ '1.0.0-rc.17' ],
61 silly audit   '@rolldown/binding-linux-arm-gnueabihf': [ '1.0.0-rc.17' ],
61 silly audit   '@rolldown/binding-linux-arm64-gnu': [ '1.0.0-rc.17' ],
61 silly audit   '@rolldown/binding-linux-arm64-musl': [ '1.0.0-rc.17' ],
61 silly audit   '@rolldown/binding-linux-ppc64-gnu': [ '1.0.0-rc.17' ],
61 silly audit   '@rolldown/binding-linux-s390x-gnu': [ '1.0.0-rc.17' ],
61 silly audit   '@rolldown/binding-linux-x64-gnu': [ '1.0.0-rc.17' ],
61 silly audit   '@rolldown/binding-linux-x64-musl': [ '1.0.0-rc.17' ],
61 silly audit   '@rolldown/binding-openharmony-arm64': [ '1.0.0-rc.17' ],
61 silly audit   '@rolldown/binding-wasm32-wasi': [ '1.0.0-rc.17' ],
61 silly audit   '@rolldown/binding-win32-arm64-msvc': [ '1.0.0-rc.17' ],
61 silly audit   '@rolldown/binding-win32-x64-msvc': [ '1.0.0-rc.17' ],
61 silly audit   '@rolldown/pluginutils': [ '1.0.0-rc.7', '1.0.0-rc.17' ],
61 silly audit   '@tybys/wasm-util': [ '0.10.2' ],
61 silly audit   '@types/esrecurse': [ '4.3.1' ],
61 silly audit   '@types/estree': [ '1.0.8' ],
61 silly audit   '@types/json-schema': [ '7.0.15' ],
61 silly audit   '@types/node': [ '24.12.2' ],
61 silly audit   '@types/react': [ '19.2.14' ],
61 silly audit   '@types/react-dom': [ '19.2.3' ],
61 silly audit   '@typescript-eslint/eslint-plugin': [ '8.59.2' ],
61 silly audit   ignore: [ '7.0.5', '5.3.2' ],
61 silly audit   '@typescript-eslint/parser': [ '8.59.2' ],
61 silly audit   '@typescript-eslint/project-service': [ '8.59.2' ],
61 silly audit   '@typescript-eslint/scope-manager': [ '8.59.2' ],
61 silly audit   '@typescript-eslint/tsconfig-utils': [ '8.59.2' ],
61 silly audit   '@typescript-eslint/type-utils': [ '8.59.2' ],
61 silly audit   '@typescript-eslint/types': [ '8.59.2' ],
61 silly audit   '@typescript-eslint/typescript-estree': [ '8.59.2' ],
61 silly audit   semver: [ '7.7.4', '6.3.1' ],
61 silly audit   '@typescript-eslint/utils': [ '8.59.2' ],
61 silly audit   '@typescript-eslint/visitor-keys': [ '8.59.2' ],
61 silly audit   '@vitejs/plugin-react': [ '6.0.1' ],
61 silly audit   acorn: [ '8.16.0' ],
61 silly audit   'acorn-jsx': [ '5.3.2' ],
61 silly audit   ajv: [ '6.15.0' ],
61 silly audit   'balanced-match': [ '4.0.4' ],
61 silly audit   'baseline-browser-mapping': [ '2.10.27' ],
61 silly audit   'brace-expansion': [ '5.0.5' ],
61 silly audit   browserslist: [ '4.28.2' ],
61 silly audit   'caniuse-lite': [ '1.0.30001792' ],
61 silly audit   'convert-source-map': [ '2.0.0' ],
61 silly audit   'cross-spawn': [ '7.0.6' ],
61 silly audit   csstype: [ '3.2.3' ],
61 silly audit   debug: [ '4.4.3' ],
61 silly audit   'deep-is': [ '0.1.4' ],
61 silly audit   'detect-libc': [ '2.1.2' ],
61 silly audit   'electron-to-chromium': [ '1.5.351' ],
61 silly audit   escalade: [ '3.2.0' ],
61 silly audit   'escape-string-regexp': [ '4.0.0' ],
61 silly audit   eslint: [ '10.3.0' ],
61 silly audit   'eslint-plugin-react-hooks': [ '7.1.1' ],
61 silly audit   'eslint-plugin-react-refresh': [ '0.5.2' ],
61 silly audit   'eslint-scope': [ '9.1.2' ],
61 silly audit   espree: [ '11.2.0' ],
61 silly audit   esquery: [ '1.7.0' ],
61 silly audit   esrecurse: [ '4.3.0' ],
61 silly audit   estraverse: [ '5.3.0' ],
61 silly audit   esutils: [ '2.0.3' ],
61 silly audit   'fast-deep-equal': [ '3.1.3' ],
61 silly audit   'fast-json-stable-stringify': [ '2.1.0' ],
61 silly audit   'fast-levenshtein': [ '2.0.6' ],
61 silly audit   fdir: [ '6.5.0' ],
61 silly audit   'file-entry-cache': [ '8.0.0' ],
61 silly audit   'find-up': [ '5.0.0' ],
61 silly audit   'flat-cache': [ '4.0.1' ],
61 silly audit   flatted: [ '3.4.2' ],
61 silly audit   fsevents: [ '2.3.3' ],
61 silly audit   gensync: [ '1.0.0-beta.2' ],
61 silly audit   'glob-parent': [ '6.0.2' ],
61 silly audit   globals: [ '17.6.0' ],
61 silly audit   'hermes-estree': [ '0.25.1' ],
61 silly audit   'hermes-parser': [ '0.25.1' ],
61 silly audit   imurmurhash: [ '0.1.4' ],
61 silly audit   'is-extglob': [ '2.1.1' ],
61 silly audit   'is-glob': [ '4.0.3' ],
61 silly audit   isexe: [ '2.0.0' ],
61 silly audit   'js-tokens': [ '4.0.0' ],
61 silly audit   jsesc: [ '3.1.0' ],
61 silly audit   'json-buffer': [ '3.0.1' ],
61 silly audit   'json-schema-traverse': [ '0.4.1' ],
61 silly audit   'json-stable-stringify-without-jsonify': [ '1.0.1' ],
61 silly audit   json5: [ '2.2.3' ],
61 silly audit   keyv: [ '4.5.4' ],
61 silly audit   levn: [ '0.4.1' ],
61 silly audit   lightningcss: [ '1.32.0' ],
61 silly audit   'lightningcss-android-arm64': [ '1.32.0' ],
61 silly audit   'lightningcss-darwin-arm64': [ '1.32.0' ],
61 silly audit   'lightningcss-darwin-x64': [ '1.32.0' ],
61 silly audit   'lightningcss-freebsd-x64': [ '1.32.0' ],
61 silly audit   'lightningcss-linux-arm-gnueabihf': [ '1.32.0' ],
61 silly audit   'lightningcss-linux-arm64-gnu': [ '1.32.0' ],
61 silly audit   'lightningcss-linux-arm64-musl': [ '1.32.0' ],
61 silly audit   'lightningcss-linux-x64-gnu': [ '1.32.0' ],
61 silly audit   'lightningcss-linux-x64-musl': [ '1.32.0' ],
61 silly audit   'lightningcss-win32-arm64-msvc': [ '1.32.0' ],
61 silly audit   'lightningcss-win32-x64-msvc': [ '1.32.0' ],
61 silly audit   'locate-path': [ '6.0.0' ],
61 silly audit   'lru-cache': [ '5.1.1' ],
61 silly audit   minimatch: [ '10.2.5' ],
61 silly audit   ms: [ '2.1.3' ],
61 silly audit   nanoid: [ '3.3.12' ],
61 silly audit   'natural-compare': [ '1.4.0' ],
61 silly audit   'node-releases': [ '2.0.38' ],
61 silly audit   optionator: [ '0.9.4' ],
61 silly audit   'p-limit': [ '3.1.0' ],
61 silly audit   'p-locate': [ '5.0.0' ],
61 silly audit   'path-exists': [ '4.0.0' ],
61 silly audit   'path-key': [ '3.1.1' ],
61 silly audit   picocolors: [ '1.1.1' ],
61 silly audit   picomatch: [ '4.0.4' ],
61 silly audit   postcss: [ '8.5.14' ],
61 silly audit   'prelude-ls': [ '1.2.1' ],
61 silly audit   punycode: [ '2.3.1' ],
61 silly audit   react: [ '19.2.6' ],
61 silly audit   'react-dom': [ '19.2.6' ],
61 silly audit   rolldown: [ '1.0.0-rc.17' ],
61 silly audit   scheduler: [ '0.27.0' ],
61 silly audit   'shebang-command': [ '2.0.0' ],
61 silly audit   'shebang-regex': [ '3.0.0' ],
61 silly audit   'source-map-js': [ '1.2.1' ],
61 silly audit   tinyglobby: [ '0.2.16' ],
61 silly audit   'ts-api-utils': [ '2.5.0' ],
61 silly audit   tslib: [ '2.8.1' ],
61 silly audit   'type-check': [ '0.4.0' ],
61 silly audit   typescript: [ '6.0.3' ],
61 silly audit   'typescript-eslint': [ '8.59.2' ],
61 silly audit   'undici-types': [ '7.16.0' ],
61 silly audit   'update-browserslist-db': [ '1.2.3' ],
61 silly audit   'uri-js': [ '4.4.1' ],
61 silly audit   vite: [ '8.0.10' ],
61 silly audit   which: [ '2.0.2' ],
61 silly audit   'word-wrap': [ '1.2.5' ],
61 silly audit   yallist: [ '3.1.1' ],
61 silly audit   'yocto-queue': [ '0.1.0' ],
61 silly audit   zod: [ '4.4.3' ],
61 silly audit   'zod-validation-error': [ '4.0.2' ],
61 silly audit   'react-router-dom': [ '7.15.0' ],
61 silly audit   'react-router': [ '7.15.0' ],
61 silly audit   cookie: [ '1.1.1' ],
61 silly audit   'set-cookie-parser': [ '2.7.2' ]
61 silly audit }
62 verbose reify failed optional dependency /Users/soledadarismendi/Sites/Laboratoryum/web/node_modules/lightningcss-win32-x64-msvc
63 silly reify mark deleted [
63 silly reify   '/Users/soledadarismendi/Sites/Laboratoryum/web/node_modules/lightningcss-win32-x64-msvc'
63 silly reify ]
64 verbose reify failed optional dependency /Users/soledadarismendi/Sites/Laboratoryum/web/node_modules/lightningcss-win32-arm64-msvc
65 silly reify mark deleted [
65 silly reify   '/Users/soledadarismendi/Sites/Laboratoryum/web/node_modules/lightningcss-win32-arm64-msvc'
65 silly reify ]
66 verbose reify failed optional dependency /Users/soledadarismendi/Sites/Laboratoryum/web/node_modules/lightningcss-linux-x64-musl
67 silly reify mark deleted [
67 silly reify   '/Users/soledadarismendi/Sites/Laboratoryum/web/node_modules/lightningcss-linux-x64-musl'
67 silly reify ]
68 verbose reify failed optional dependency /Users/soledadarismendi/Sites/Laboratoryum/web/node_modules/lightningcss-linux-x64-gnu
69 silly reify mark deleted [
69 silly reify   '/Users/soledadarismendi/Sites/Laboratoryum/web/node_modules/lightningcss-linux-x64-gnu'
69 silly reify ]
70 verbose reify failed optional dependency /Users/soledadarismendi/Sites/Laboratoryum/web/node_modules/lightningcss-linux-arm64-musl
71 silly reify mark deleted [
71 silly reify   '/Users/soledadarismendi/Sites/Laboratoryum/web/node_modules/lightningcss-linux-arm64-musl'
71 silly reify ]
72 verbose reify failed optional dependency /Users/soledadarismendi/Sites/Laboratoryum/web/node_modules/lightningcss-linux-arm64-gnu
73 silly reify mark deleted [
73 silly reify   '/Users/soledadarismendi/Sites/Laboratoryum/web/node_modules/lightningcss-linux-arm64-gnu'
73 silly reify ]
74 verbose reify failed optional dependency /Users/soledadarismendi/Sites/Laboratoryum/web/node_modules/lightningcss-linux-arm-gnueabihf
75 silly reify mark deleted [
75 silly reify   '/Users/soledadarismendi/Sites/Laboratoryum/web/node_modules/lightningcss-linux-arm-gnueabihf'
75 silly reify ]
76 verbose reify failed optional dependency /Users/soledadarismendi/Sites/Laboratoryum/web/node_modules/lightningcss-freebsd-x64
77 silly reify mark deleted [
77 silly reify   '/Users/soledadarismendi/Sites/Laboratoryum/web/node_modules/lightningcss-freebsd-x64'
77 silly reify ]
78 verbose reify failed optional dependency /Users/soledadarismendi/Sites/Laboratoryum/web/node_modules/lightningcss-darwin-x64
79 silly reify mark deleted [
79 silly reify   '/Users/soledadarismendi/Sites/Laboratoryum/web/node_modules/lightningcss-darwin-x64'
79 silly reify ]
80 verbose reify failed optional dependency /Users/soledadarismendi/Sites/Laboratoryum/web/node_modules/lightningcss-android-arm64
81 silly reify mark deleted [
81 silly reify   '/Users/soledadarismendi/Sites/Laboratoryum/web/node_modules/lightningcss-android-arm64'
81 silly reify ]
82 verbose reify failed optional dependency /Users/soledadarismendi/Sites/Laboratoryum/web/node_modules/@rolldown/binding-win32-x64-msvc
83 silly reify mark deleted [
83 silly reify   '/Users/soledadarismendi/Sites/Laboratoryum/web/node_modules/@rolldown/binding-win32-x64-msvc'
83 silly reify ]
84 verbose reify failed optional dependency /Users/soledadarismendi/Sites/Laboratoryum/web/node_modules/@rolldown/binding-win32-arm64-msvc
85 silly reify mark deleted [
85 silly reify   '/Users/soledadarismendi/Sites/Laboratoryum/web/node_modules/@rolldown/binding-win32-arm64-msvc'
85 silly reify ]
86 verbose reify failed optional dependency /Users/soledadarismendi/Sites/Laboratoryum/web/node_modules/@rolldown/binding-wasm32-wasi
87 silly reify mark deleted [
87 silly reify   '/Users/soledadarismendi/Sites/Laboratoryum/web/node_modules/@rolldown/binding-wasm32-wasi'
87 silly reify ]
88 verbose reify failed optional dependency /Users/soledadarismendi/Sites/Laboratoryum/web/node_modules/@emnapi/core
89 silly reify mark deleted [
89 silly reify   '/Users/soledadarismendi/Sites/Laboratoryum/web/node_modules/@emnapi/core'
89 silly reify ]
90 verbose reify failed optional dependency /Users/soledadarismendi/Sites/Laboratoryum/web/node_modules/@emnapi/runtime
91 silly reify mark deleted [
91 silly reify   '/Users/soledadarismendi/Sites/Laboratoryum/web/node_modules/@emnapi/runtime'
91 silly reify ]
92 verbose reify failed optional dependency /Users/soledadarismendi/Sites/Laboratoryum/web/node_modules/@napi-rs/wasm-runtime
93 silly reify mark deleted [
93 silly reify   '/Users/soledadarismendi/Sites/Laboratoryum/web/node_modules/@napi-rs/wasm-runtime'
93 silly reify ]
94 verbose reify failed optional dependency /Users/soledadarismendi/Sites/Laboratoryum/web/node_modules/@emnapi/wasi-threads
95 silly reify mark deleted [
95 silly reify   '/Users/soledadarismendi/Sites/Laboratoryum/web/node_modules/@emnapi/wasi-threads'
95 silly reify ]
96 verbose reify failed optional dependency /Users/soledadarismendi/Sites/Laboratoryum/web/node_modules/tslib
97 silly reify mark deleted [ '/Users/soledadarismendi/Sites/Laboratoryum/web/node_modules/tslib' ]
98 verbose reify failed optional dependency /Users/soledadarismendi/Sites/Laboratoryum/web/node_modules/@tybys/wasm-util
99 silly reify mark deleted [
99 silly reify   '/Users/soledadarismendi/Sites/Laboratoryum/web/node_modules/@tybys/wasm-util'
99 silly reify ]
100 verbose reify failed optional dependency /Users/soledadarismendi/Sites/Laboratoryum/web/node_modules/@rolldown/binding-openharmony-arm64
101 silly reify mark deleted [
101 silly reify   '/Users/soledadarismendi/Sites/Laboratoryum/web/node_modules/@rolldown/binding-openharmony-arm64'
101 silly reify ]
102 verbose reify failed optional dependency /Users/soledadarismendi/Sites/Laboratoryum/web/node_modules/@rolldown/binding-linux-x64-musl
103 silly reify mark deleted [
103 silly reify   '/Users/soledadarismendi/Sites/Laboratoryum/web/node_modules/@rolldown/binding-linux-x64-musl'
103 silly reify ]
104 verbose reify failed optional dependency /Users/soledadarismendi/Sites/Laboratoryum/web/node_modules/@rolldown/binding-linux-x64-gnu
105 silly reify mark deleted [
105 silly reify   '/Users/soledadarismendi/Sites/Laboratoryum/web/node_modules/@rolldown/binding-linux-x64-gnu'
105 silly reify ]
106 verbose reify failed optional dependency /Users/soledadarismendi/Sites/Laboratoryum/web/node_modules/@rolldown/binding-linux-s390x-gnu
107 silly reify mark deleted [
107 silly reify   '/Users/soledadarismendi/Sites/Laboratoryum/web/node_modules/@rolldown/binding-linux-s390x-gnu'
107 silly reify ]
108 verbose reify failed optional dependency /Users/soledadarismendi/Sites/Laboratoryum/web/node_modules/@rolldown/binding-linux-ppc64-gnu
109 silly reify mark deleted [
109 silly reify   '/Users/soledadarismendi/Sites/Laboratoryum/web/node_modules/@rolldown/binding-linux-ppc64-gnu'
109 silly reify ]
110 verbose reify failed optional dependency /Users/soledadarismendi/Sites/Laboratoryum/web/node_modules/@rolldown/binding-linux-arm64-musl
111 silly reify mark deleted [
111 silly reify   '/Users/soledadarismendi/Sites/Laboratoryum/web/node_modules/@rolldown/binding-linux-arm64-musl'
111 silly reify ]
112 verbose reify failed optional dependency /Users/soledadarismendi/Sites/Laboratoryum/web/node_modules/@rolldown/binding-linux-arm64-gnu
113 silly reify mark deleted [
113 silly reify   '/Users/soledadarismendi/Sites/Laboratoryum/web/node_modules/@rolldown/binding-linux-arm64-gnu'
113 silly reify ]
114 verbose reify failed optional dependency /Users/soledadarismendi/Sites/Laboratoryum/web/node_modules/@rolldown/binding-linux-arm-gnueabihf
115 silly reify mark deleted [
115 silly reify   '/Users/soledadarismendi/Sites/Laboratoryum/web/node_modules/@rolldown/binding-linux-arm-gnueabihf'
115 silly reify ]
116 verbose reify failed optional dependency /Users/soledadarismendi/Sites/Laboratoryum/web/node_modules/@rolldown/binding-freebsd-x64
117 silly reify mark deleted [
117 silly reify   '/Users/soledadarismendi/Sites/Laboratoryum/web/node_modules/@rolldown/binding-freebsd-x64'
117 silly reify ]
118 verbose reify failed optional dependency /Users/soledadarismendi/Sites/Laboratoryum/web/node_modules/@rolldown/binding-darwin-x64
119 silly reify mark deleted [
119 silly reify   '/Users/soledadarismendi/Sites/Laboratoryum/web/node_modules/@rolldown/binding-darwin-x64'
119 silly reify ]
120 verbose reify failed optional dependency /Users/soledadarismendi/Sites/Laboratoryum/web/node_modules/@rolldown/binding-android-arm64
121 silly reify mark deleted [
121 silly reify   '/Users/soledadarismendi/Sites/Laboratoryum/web/node_modules/@rolldown/binding-android-arm64'
121 silly reify ]
122 http cache set-cookie-parser@https://registry.npmjs.org/set-cookie-parser/-/set-cookie-parser-2.7.2.tgz 0ms (cache hit)
123 http cache cookie@https://registry.npmjs.org/cookie/-/cookie-1.1.1.tgz 0ms (cache hit)
124 http cache react-router-dom@https://registry.npmjs.org/react-router-dom/-/react-router-dom-7.15.0.tgz 0ms (cache hit)
125 http cache @tybys/wasm-util@https://registry.npmjs.org/@tybys/wasm-util/-/wasm-util-0.10.2.tgz 0ms (cache hit)
126 http cache react-router@https://registry.npmjs.org/react-router/-/react-router-7.15.0.tgz 0ms (cache hit)
127 http cache @napi-rs/wasm-runtime@https://registry.npmjs.org/@napi-rs/wasm-runtime/-/wasm-runtime-1.1.4.tgz 0ms (cache hit)
128 http cache @emnapi/runtime@https://registry.npmjs.org/@emnapi/runtime/-/runtime-1.10.0.tgz 0ms (cache hit)
129 http cache @emnapi/wasi-threads@https://registry.npmjs.org/@emnapi/wasi-threads/-/wasi-threads-1.2.1.tgz 0ms (cache hit)
130 http cache fsevents@https://registry.npmjs.org/fsevents/-/fsevents-2.3.3.tgz 0ms (cache hit)
131 silly tarball no local data for set-cookie-parser@https://registry.npmjs.org/set-cookie-parser/-/set-cookie-parser-2.7.2.tgz. Extracting by manifest.
132 silly tarball no local data for cookie@https://registry.npmjs.org/cookie/-/cookie-1.1.1.tgz. Extracting by manifest.
133 silly tarball no local data for react-router-dom@https://registry.npmjs.org/react-router-dom/-/react-router-dom-7.15.0.tgz. Extracting by manifest.
134 http cache tslib@https://registry.npmjs.org/tslib/-/tslib-2.8.1.tgz 0ms (cache hit)
135 http cache @emnapi/core@https://registry.npmjs.org/@emnapi/core/-/core-1.10.0.tgz 0ms (cache hit)
136 silly tarball no local data for react-router@https://registry.npmjs.org/react-router/-/react-router-7.15.0.tgz. Extracting by manifest.
137 http fetch GET 200 https://registry.npmjs.org/cookie/-/cookie-1.1.1.tgz 96ms (cache miss)
138 http fetch GET 200 https://registry.npmjs.org/react-router-dom/-/react-router-dom-7.15.0.tgz 105ms (cache miss)
139 http fetch GET 200 https://registry.npmjs.org/react-router/-/react-router-7.15.0.tgz 157ms (cache miss)
140 http fetch POST 200 https://registry.npmjs.org/-/npm/v1/security/advisories/bulk 192ms
141 silly audit report {}
142 http fetch GET 200 https://registry.npmjs.org/set-cookie-parser/-/set-cookie-parser-2.7.2.tgz 185ms (cache miss)
143 silly ADD node_modules/set-cookie-parser
144 silly ADD node_modules/cookie
145 silly ADD node_modules/react-router
146 silly ADD node_modules/react-router-dom
147 silly ADD
148 silly ADD
149 silly ADD
150 silly ADD
151 silly ADD
152 silly ADD
153 silly ADD
154 silly ADD
155 silly ADD
156 silly ADD
157 silly ADD
158 silly ADD node_modules/fsevents
159 silly ADD
160 silly ADD
161 silly ADD
162 silly ADD
163 silly ADD
164 silly ADD
165 silly ADD
166 silly ADD
167 silly ADD
168 silly ADD
169 silly ADD
170 silly ADD
171 silly ADD
172 silly ADD
173 silly ADD
174 silly ADD
175 silly ADD
176 silly ADD
177 silly ADD
178 verbose cwd /Users/soledadarismendi/Sites/Laboratoryum/web
179 verbose os Darwin 25.3.0
180 verbose node v23.7.0
181 verbose npm  v10.9.2
182 verbose exit 0
183 info ok
