0 verbose cli /opt/homebrew/Cellar/node/23.7.0/bin/node /opt/homebrew/bin/npm
1 info using npm@10.9.2
2 info using node@v23.7.0
3 silly config load:file:/opt/homebrew/lib/node_modules/npm/npmrc
4 silly config load:file:/Users/soledadarismendi/.npmrc
5 silly config load:file:/usr/local/etc/npmrc
6 verbose title npm create vite@latest web --template react-ts
7 verbose argv "create" "vite@latest" "web" "--" "--template" "react-ts"
8 verbose logfile logs-max:10 dir:/Users/soledadarismendi/Sites/Laboratoryum/.npm-cache/_logs/2026-05-06T17_21_46_222Z-
9 verbose logfile /Users/soledadarismendi/Sites/Laboratoryum/.npm-cache/_logs/2026-05-06T17_21_46_222Z-debug-0.log
10 silly logfile done cleaning log files
11 silly packumentCache heap:4345298944 maxSize:1086324736 maxEntrySize:543162368
12 verbose shrinkwrap failed to load node_modules/.package-lock.json out of date, updated: node_modules/@babel
13 http fetch GET 200 https://registry.npmjs.org/create-vite 105ms (cache miss)
14 silly packumentCache heap:4345298944 maxSize:1086324736 maxEntrySize:543162368
15 warn exec The following package was not found and will be installed: create-vite@9.0.6
16 silly idealTree buildDeps
17 silly fetch manifest create-vite@9.0.6
18 silly packumentCache full:https://registry.npmjs.org/create-vite cache-miss
19 http fetch GET 200 https://registry.npmjs.org/npm 209ms
20 http fetch GET 200 https://registry.npmjs.org/create-vite 55ms (cache miss)
21 silly packumentCache full:https://registry.npmjs.org/create-vite set size:undefined disposed:false
22 silly placeDep ROOT create-vite@9.0.6 OK for:  want: 9.0.6
23 silly reify moves {}
24 silly audit bulk request { 'create-vite': [ '9.0.6' ] }
25 http cache create-vite@https://registry.npmjs.org/create-vite/-/create-vite-9.0.6.tgz 0ms (cache hit)
26 silly tarball no local data for create-vite@https://registry.npmjs.org/create-vite/-/create-vite-9.0.6.tgz. Extracting by manifest.
27 http fetch GET 200 https://registry.npmjs.org/create-vite/-/create-vite-9.0.6.tgz 86ms (cache miss)
28 http fetch POST 200 https://registry.npmjs.org/-/npm/v1/security/advisories/bulk 194ms
29 silly audit report {}
30 verbose cwd /Users/soledadarismendi/Sites/Laboratoryum
31 verbose os Darwin 25.3.0
32 verbose node v23.7.0
33 verbose npm  v10.9.2
34 notice
34 notice New major version of npm available! 10.9.2 -> 11.13.0
34 notice Changelog: https://github.com/npm/cli/releases/tag/v11.13.0
34 notice To update run: npm install -g npm@11.13.0
34 notice  { force: true, [Symbol(proc-log.meta)]: true }
35 verbose exit 0
36 info ok
